// Vitest Snapshot v1, https://vitest.dev/guide/snapshot.html

exports[`compute Cdr -- just cdr 1`] = `
"(implicit A, implicit B, target) => cdr(target): (
  implicit A: Type,
  implicit B: (A) -> Type,
  target: exists (A) B(x),
) -> B(car(target))"
`;

exports[`compute Cdr -- my_cdr -- infer FnImplicitAnnotated 1`] = `""b": String"`;

exports[`compute Cdr -- my_cdr 1`] = `""b": String"`;

exports[`compute Cdr 1`] = `"Type: Type"`;
