// Vitest Snapshot v1, https://bun:test.dev/guide/snapshot.html

exports[`compute Sequence -- Check 1`] = `"sole: Trivial"`;

exports[`compute Sequence -- Let 1`] = `"sole: Trivial"`;

exports[`compute Sequence -- LetThe 1`] = `"sole: Trivial"`;

exports[`compute Sequence -- single return 1`] = `"sole: Trivial"`;
