// Vitest Snapshot v1, https://bun:test.dev/guide/snapshot.html

exports[`compute Car -- just car 1`] = `"(implicit A, implicit B, target) => car(target): (implicit A: Type, implicit B: (A) -> Type, exists (A) B(x)) -> A"`;

exports[`compute Car -- my_car 1`] = `""a": String"`;

exports[`compute Car 1`] = `"Type: Type"`;
