// Vitest Snapshot v1, https://vitest.dev/guide/snapshot.html

exports[`solve Box -- implicit > 
    "{
      x: \\"abc\\",
      y: cons(\\"abc\\", sole),
      z: cons(cons(\\"abc\\", sole), sole)
    }"
   1`] = `
"{
  x: \\"abc\\",
  y: cons(\\"abc\\", sole),
  z: cons(cons(\\"abc\\", sole), sole)
}"
`;

exports[`solve Box -- implicit: 
    "{
      x: "abc",
      y: cons("abc", sole),
      z: cons(cons("abc", sole), sole)
    }"
   1`] = `
"{
  x: "abc",
  y: cons("abc", sole),
  z: cons(cons("abc", sole), sole)
}"
`;

exports[`solve Box -- implicit 1`] = `
"{
  x: "abc",
  y: cons("abc", sole),
  z: cons(cons("abc", sole), sole)
}"
`;
