// Vitest Snapshot v1, https://vitest.dev/guide/snapshot.html

exports[`equivalent Sole > "refl(implicit Trivial, implicit sole): Equal(Trivial, sole, sole)" 1`] = `"refl(implicit Trivial, implicit sole): Equal(Trivial, sole, sole)"`;

exports[`equivalent Sole: "refl(implicit Trivial, implicit sole): Equal(Trivial, sole, sole)" 1`] = `"refl(implicit Trivial, implicit sole): Equal(Trivial, sole, sole)"`;

exports[`equivalent Sole 1`] = `"refl(implicit Trivial, implicit sole): Equal(Trivial, sole, sole)"`;
