// Vitest Snapshot v1, https://bun:test.dev/guide/snapshot.html

exports[`equivalent Objekt 1`] = `
"refl(
  implicit class {
    A: Type
    x [rename: x2]: A
  },
  implicit {
    A: Trivial,
    x: sole
  },
): Equal(
  class {
    A: Type
    x [rename: x2]: A
  },
  {
    A: Trivial,
    x: sole
  },
  {
    A: Trivial,
    x: sole
  },
)"
`;
