// Vitest Snapshot v1, https://bun:test.dev/guide/snapshot.html

exports[`equivalent Sigma -- nested 1`] = `"refl(implicit Type, implicit exists (Type, Type, A) B): Equal(Type, exists (Type, Type, A) B, exists (Type, Type, B) A)"`;

exports[`equivalent Sigma 1`] = `"refl(implicit Type, implicit exists (Type) A): Equal(Type, exists (Type) A, exists (Type) B)"`;
