// Vitest Snapshot v1, https://vitest.dev/guide/snapshot.html

exports[`equivalent Pi -- more nested 1`] = `
"refl(implicit Type, implicit (A: Type, A, B: Type, B) -> A): Equal(
  Type,
  (A: Type, A, B: Type, B) -> A,
  (B: Type, B, A: Type, A) -> B,
)"
`;

exports[`equivalent Pi 1`] = `"refl(implicit Type, implicit (T31: Type, T31) -> T31): Equal(Type, (T5: Type, T5) -> T5, (T5: Type, T5) -> T5)"`;
